tests/integration/test_browser_domain.py::TestBrowser::test_get_histogram => cdpwave.exceptions.CommandError: [-32602] Cannot find histogram: V8.ExecuteJS
tests/integration/test_cache_storage.py::TestCacheStorageIntegration::test_create_multiple_caches_and_list => AssertionError: assert 'multi-cache-2' in {'multi-cache-1'}
tests/integration/test_cache_storage.py::TestCacheStorageIntegration::test_request_cache_names_no_params => cdpwave.exceptions.CommandError: [-32602] At least and at most one of security_origin, storage_key, storage_bucket must be specified
tests/integration/test_cache_storage.py::TestCacheStorageIntegration::test_request_cache_names_storage_key => cdpwave.exceptions.CommandError: [-32602] Target is not a supported worker type for storage inspection.
tests/integration/test_cachestorage_css_domdebugger_eventbreakpoints.py::TestCSS::test_force_pseudo_state => KeyError: 'children'
tests/integration/test_cachestorage_css_domdebugger_eventbreakpoints.py::TestCSS::test_full_lifecycle => KeyError: 'children'
tests/integration/test_cachestorage_css_domdebugger_eventbreakpoints.py::TestCSS::test_get_background_colors => KeyError: 'children'
tests/integration/test_cachestorage_css_domdebugger_eventbreakpoints.py::TestCSS::test_get_computed_style_for_node => KeyError: 'children'
tests/integration/test_cachestorage_css_domdebugger_eventbreakpoints.py::TestCSS::test_get_environment_variables => cdpwave.exceptions.CommandError: [-32000] DOM agent needs to be enabled first.
tests/integration/test_cachestorage_css_domdebugger_eventbreakpoints.py::TestCSS::test_get_inline_styles_for_node => KeyError: 'children'
tests/integration/test_cachestorage_css_domdebugger_eventbreakpoints.py::TestCSS::test_get_longhand_properties => cdpwave.exceptions.CommandError: [-32000] DOM agent needs to be enabled first.
tests/integration/test_cachestorage_css_domdebugger_eventbreakpoints.py::TestCSS::test_get_matched_styles_for_node => KeyError: 'children'
tests/integration/test_cachestorage_css_domdebugger_eventbreakpoints.py::TestCSS::test_get_platform_fonts_for_node => KeyError: 'children'
tests/integration/test_cachestorage_css_domdebugger_eventbreakpoints.py::TestCSS::test_set_local_fonts_enabled => cdpwave.exceptions.CommandError: [-32000] DOM agent needs to be enabled first.
tests/integration/test_cachestorage_css_domdebugger_eventbreakpoints.py::TestCSS::test_track_and_take_computed_style_updates => cdpwave.exceptions.CommandError: [-32602] Invalid parameters
tests/integration/test_debugger.py::TestDebuggerEvents::test_script_parsed_event => assert 0 > 0
tests/integration/test_debugger.py::TestDebuggerNewMethods::test_set_blackbox_execution_contexts => cdpwave.exceptions.CommandError: [-32602] Invalid parameters
tests/integration/test_debugger.py::TestDebuggerRemoveBreakpoint::test_remove_breakpoint_invalid_id => Failed: DID NOT RAISE Exception
tests/integration/test_debugger_overlay_security_audits.py::TestOverlayEdgeCases::test_disable_without_enable => AttributeError: 'TestOverlayEdgeCases' object has no attribute '_setup'
tests/integration/test_debugger_overlay_security_audits.py::TestOverlayEdgeCases::test_enable_twice => AttributeError: 'TestOverlayEdgeCases' object has no attribute '_setup'
tests/integration/test_debugger_overlay_security_audits.py::TestOverlayEdgeCases::test_full_lifecycle => AttributeError: 'TestOverlayEdgeCases' object has no attribute '_setup'
tests/integration/test_debugger_overlay_security_audits.py::TestOverlayEdgeCases::test_hide_highlight_without_enable => AttributeError: 'TestOverlayEdgeCases' object has no attribute '_setup'
tests/integration/test_debugger_overlay_security_audits.py::TestOverlayEdgeCases::test_type_error_on_bad_param => AttributeError: 'TestOverlayEdgeCases' object has no attribute '_setup'
tests/integration/test_expanded_casuistics.py::TestPageExpanded::test_stop_loading => cdpwave.exceptions.CommandError: [-32000] Not attached to an active page
tests/integration/test_heapprofiler_layertree_performancetimeline.py::TestHeapProfiler::test_add_inspected_heap_object => cdpwave.exceptions.CommandError: [-32000] Object is not available
tests/integration/test_heapprofiler_layertree_performancetimeline.py::TestHeapProfiler::test_get_object_by_heap_object_id => cdpwave.exceptions.CommandError: [-32000] Object is not available
tests/integration/test_heapprofiler_layertree_performancetimeline.py::TestHeapProfiler::test_start_sampling_negative_interval => cdpwave.exceptions.CommandError: [-32000] Invalid sampling interval
tests/integration/test_heapprofiler_layertree_performancetimeline.py::TestLayerTree::test_layer_painted_event => AttributeError: 'CDPSession' object has no attribute 'events'
tests/integration/test_heapprofiler_layertree_performancetimeline.py::TestLayerTree::test_layer_tree_did_change_event => AttributeError: 'CDPSession' object has no attribute 'events'
tests/integration/test_indexed_db.py::TestIndexedDBIntegration::test_delete_database_nonexistent => Failed: DID NOT RAISE CommandError
tests/integration/test_indexed_db.py::TestIndexedDBIntegration::test_delete_object_store_entries => cdpwave.exceptions.CommandError: [-32602] Invalid parameters
tests/integration/test_indexed_db.py::TestIndexedDBIntegration::test_full_lifecycle => cdpwave.exceptions.CommandError: [-32000] Could not get index
tests/integration/test_indexed_db.py::TestIndexedDBIntegration::test_request_data => cdpwave.exceptions.CommandError: [-32000] Could not get index
tests/integration/test_indexed_db.py::TestIndexedDBIntegration::test_request_data_large_page_size => cdpwave.exceptions.CommandError: [-32000] Could not get index
tests/integration/test_indexed_db.py::TestIndexedDBIntegration::test_request_data_returns_dict => cdpwave.exceptions.CommandError: [-32000] Could not get index
tests/integration/test_indexed_db.py::TestIndexedDBIntegration::test_request_data_with_index_name => cdpwave.exceptions.CommandError: [-32000] Could not get index
tests/integration/test_indexed_db.py::TestIndexedDBIntegration::test_request_data_with_page_size => cdpwave.exceptions.CommandError: [-32000] Could not get index
tests/integration/test_indexed_db.py::TestIndexedDBIntegration::test_request_data_with_skip_count => cdpwave.exceptions.CommandError: [-32000] Could not get index
tests/integration/test_indexed_db.py::TestIndexedDBIntegration::test_request_database_names_storage_key => cdpwave.exceptions.CommandError: [-32602] Target is not a supported worker type for storage inspection.
tests/integration/test_indexed_db.py::TestIndexedDBIntegrationBoundary::test_clear_then_delete_entries => cdpwave.exceptions.CommandError: [-32602] Invalid parameters
tests/integration/test_indexed_db.py::TestIndexedDBIntegrationBoundary::test_delete_database_names_after_delete_with_storage_key => cdpwave.exceptions.CommandError: [-32602] Target is not a supported worker type for storage inspection.
tests/integration/test_indexed_db.py::TestIndexedDBIntegrationBoundary::test_get_metadata_after_delete_entries => cdpwave.exceptions.CommandError: [-32602] Invalid parameters
tests/integration/test_indexed_db.py::TestIndexedDBIntegrationBoundary::test_request_data_key_range_lower_only => cdpwave.exceptions.CommandError: [-32602] Invalid parameters
tests/integration/test_indexed_db.py::TestIndexedDBIntegrationBoundary::test_request_data_key_range_upper_only => cdpwave.exceptions.CommandError: [-32602] Invalid parameters
tests/integration/test_indexed_db.py::TestIndexedDBIntegrationBoundary::test_request_data_large_page_size_hasmore_false => cdpwave.exceptions.CommandError: [-32000] Could not get index
tests/integration/test_indexed_db.py::TestIndexedDBIntegrationBoundary::test_request_data_skip_all_records => cdpwave.exceptions.CommandError: [-32000] Could not get index
tests/integration/test_indexed_db.py::TestIndexedDBIntegrationBoundary::test_request_data_with_storage_key_pagination => cdpwave.exceptions.CommandError: [-32602] Target is not a supported worker type for storage inspection.
tests/integration/test_indexed_db.py::TestIndexedDBIntegrationBoundary::test_request_database_with_storage_key_and_verify => cdpwave.exceptions.CommandError: [-32602] Target is not a supported worker type for storage inspection.
tests/integration/test_indexed_db.py::TestIndexedDBIntegrationEdge::test_clear_object_store_with_storage_key => cdpwave.exceptions.CommandError: [-32602] Target is not a supported worker type for storage inspection.
tests/integration/test_indexed_db.py::TestIndexedDBIntegrationEdge::test_delete_database_with_storage_key => cdpwave.exceptions.CommandError: [-32602] Target is not a supported worker type for storage inspection.
tests/integration/test_indexed_db.py::TestIndexedDBIntegrationEdge::test_delete_object_store_entries_partial => cdpwave.exceptions.CommandError: [-32602] Invalid parameters
tests/integration/test_indexed_db.py::TestIndexedDBIntegrationEdge::test_delete_object_store_entries_with_storage_key => cdpwave.exceptions.CommandError: [-32602] Target is not a supported worker type for storage inspection.
tests/integration/test_indexed_db.py::TestIndexedDBIntegrationEdge::test_enable_disable_then_re_enable => cdpwave.exceptions.CommandError: [-32000] No document for given frame found
tests/integration/test_indexed_db.py::TestIndexedDBIntegrationEdge::test_get_metadata_with_storage_key => cdpwave.exceptions.CommandError: [-32602] Target is not a supported worker type for storage inspection.
tests/integration/test_indexed_db.py::TestIndexedDBIntegrationEdge::test_raw_send_delete_object_store_entries => cdpwave.exceptions.CommandError: [-32602] Invalid parameters
tests/integration/test_indexed_db.py::TestIndexedDBIntegrationEdge::test_request_data_after_delete_entries => cdpwave.exceptions.CommandError: [-32602] Invalid parameters
tests/integration/test_indexed_db.py::TestIndexedDBIntegrationEdge::test_request_data_has_more_true_with_small_page => cdpwave.exceptions.CommandError: [-32000] Could not get index
tests/integration/test_indexed_db.py::TestIndexedDBIntegrationEdge::test_request_data_page_size_zero => cdpwave.exceptions.CommandError: [-32000] Could not get index
tests/integration/test_indexed_db.py::TestIndexedDBIntegrationEdge::test_request_data_pagination => cdpwave.exceptions.CommandError: [-32000] Could not get index
tests/integration/test_indexed_db.py::TestIndexedDBIntegrationEdge::test_request_data_skip_count_exceeds_records => cdpwave.exceptions.CommandError: [-32000] Could not get index
tests/integration/test_indexed_db.py::TestIndexedDBIntegrationEdge::test_request_data_with_key_range_specific => cdpwave.exceptions.CommandError: [-32602] Invalid parameters
tests/integration/test_indexed_db.py::TestIndexedDBIntegrationEdge::test_request_data_with_storage_key => cdpwave.exceptions.CommandError: [-32602] Target is not a supported worker type for storage inspection.
tests/integration/test_indexed_db.py::TestIndexedDBIntegrationEdge::test_request_database_with_storage_key => cdpwave.exceptions.CommandError: [-32602] Target is not a supported worker type for storage inspection.
tests/integration/test_security.py::TestSecurityAllMethodsReturnDict::test_all_methods_return_dict => cdpwave.exceptions.CommandError: [-32000] Certificate errors are already being ignored.
tests/integration/test_security.py::TestSecurityCombinedOperations::test_multiple_enable_disable_with_state_check => cdpwave.exceptions.CommandError: [-32601] 'Security.getVisibleSecurityState' wasn't found
tests/integration/test_security.py::TestSecurityCombinedOperations::test_set_ignore_and_override_together => cdpwave.exceptions.CommandError: [-32000] Certificate errors are already being ignored.
tests/integration/test_security.py::TestSecurityFullLifecycle::test_full_lifecycle => cdpwave.exceptions.CommandError: [-32000] Certificate errors are already being ignored.
tests/integration/test_security.py::TestSecurityFullLifecycle::test_lifecycle_with_navigation => cdpwave.exceptions.CommandError: [-32601] 'Security.getVisibleSecurityState' wasn't found
tests/integration/test_security.py::TestSecurityGetVisibleSecurityState::test_has_security_state_issue_ids => cdpwave.exceptions.CommandError: [-32601] 'Security.getVisibleSecurityState' wasn't found
tests/integration/test_security.py::TestSecurityGetVisibleSecurityState::test_returns_dict_with_visible_security_state => cdpwave.exceptions.CommandError: [-32601] 'Security.getVisibleSecurityState' wasn't found
tests/integration/test_security.py::TestSecurityGetVisibleSecurityState::test_security_state_is_valid_enum => cdpwave.exceptions.CommandError: [-32601] 'Security.getVisibleSecurityState' wasn't found
tests/integration/test_security.py::TestSecurityGetVisibleSecurityStateExtended::test_about_blank => cdpwave.exceptions.CommandError: [-32601] 'Security.getVisibleSecurityState' wasn't found
tests/integration/test_security.py::TestSecurityGetVisibleSecurityStateExtended::test_http_page => cdpwave.exceptions.CommandError: [-32601] 'Security.getVisibleSecurityState' wasn't found
tests/integration/test_security.py::TestSecurityGetVisibleSecurityStateExtended::test_https_has_certificate_state => cdpwave.exceptions.CommandError: [-32601] 'Security.getVisibleSecurityState' wasn't found
tests/integration/test_security.py::TestSecurityGetVisibleSecurityStateExtended::test_state_changes_between_navigations => cdpwave.exceptions.CommandError: [-32601] 'Security.getVisibleSecurityState' wasn't found
tests/integration/test_security.py::TestSecurityRawSend::test_raw_get_visible_security_state => cdpwave.exceptions.CommandError: [-32601] 'Security.getVisibleSecurityState' wasn't found
tests/integration/test_storage.py::TestStorageIntegration::test_clear_data_for_storage_key => cdpwave.exceptions.CommandError: [-32602] Unable to deserialize storage key
tests/integration/test_storage.py::TestStorageIntegration::test_delete_storage_bucket => cdpwave.exceptions.CommandError: [-32602] Invalid Storage Key given.
tests/integration/test_storage.py::TestStorageIntegration::test_get_related_website_sets => cdpwave.exceptions.CommandError: [-32000] Failed fetching RelatedWebsiteSets
tests/integration/test_storage.py::TestStorageIntegration::test_get_shared_storage_metadata => cdpwave.exceptions.CommandError: [-32000] Origin not found.
tests/integration/test_storage.py::TestStorageIntegration::test_get_storage_key => cdpwave.exceptions.CommandError: [-32602] Target is not a supported worker type for storage inspection.
tests/integration/test_storage.py::TestStorageIntegration::test_get_storage_key_with_frame => KeyError: 'frame'
tests/integration/test_storage.py::TestStorageIntegration::test_set_protected_audience_k_anonymity => cdpwave.exceptions.CommandError: [-32602] Invalid parameters
tests/integration/test_storage.py::TestStorageIntegration::test_set_storage_bucket_tracking => cdpwave.exceptions.CommandError: [-32602] Invalid Storage Key given.
tests/integration/test_storage.py::TestStorageIntegration::test_track_cache_storage_for_storage_key => cdpwave.exceptions.CommandError: [-32602] Unable to deserialize storage key
tests/integration/test_storage.py::TestStorageIntegration::test_track_indexed_db_for_storage_key => cdpwave.exceptions.CommandError: [-32602] Unable to deserialize storage key
tests/integration/test_webauthn.py::TestWebAuthnAllBooleanFlags::test_all_flags_true => cdpwave.exceptions.CommandError: [-32602] Specified options require a CTAP 2.1 authenticator
tests/integration/test_webauthn.py::TestWebAuthnCredentialEdgeCases::test_add_credential_with_user_handle => cdpwave.exceptions.CommandError: [-32602] Invalid parameters
tests/integration/test_webauthn.py::TestWebAuthnCredentials::test_add_and_get_credential => cdpwave.exceptions.CommandError: [-32602] Invalid parameters
tests/integration/test_webauthn.py::TestWebAuthnCredentials::test_clear_credentials => cdpwave.exceptions.CommandError: [-32602] Invalid parameters
tests/integration/test_webauthn.py::TestWebAuthnFlags::test_set_credential_properties => cdpwave.exceptions.CommandError: [-32602] Invalid parameters
tests/integration/test_webauthn.py::TestWebAuthnOptionalParams::test_set_credential_properties_no_optional => cdpwave.exceptions.CommandError: [-32602] Invalid parameters
tests/integration/test_webauthn.py::TestWebAuthnOptionalParams::test_set_credential_properties_partial => cdpwave.exceptions.CommandError: [-32602] Invalid parameters
tests/integration/test_webauthn.py::TestWebAuthnVirtualAuthenticator::test_add_authenticator_all_transports => cdpwave.exceptions.CommandError: [-32602] The transport is not valid
tests/integration/test_webauthn.py::TestWebAuthnVirtualAuthenticator::test_add_multiple_authenticators => cdpwave.exceptions.CommandError: [-32602] Chrome only supports one internal authenticator per environment
